// Jest Snapshot v1, https://goo.gl/fbAQLP

exports[`weather app should render the weather app 1`] = `[Function]`;
